www.google.com
www.google.com
www.google.com
www.google.com
www.google.com
www.google.com
github.com
github.com
github.com
github.com
dns1.p08.nsone.net
hostmaster.nsone.net
github.com
github.com
www.gstatic.com
www.google.com
encrypted-tbn0.gstatic.com
www.gstatic.com
www.gstatic.com
encrypted-tbn0.gstatic.com
encrypted-tbn0.gstatic.com
encrypted-tbn0.gstatic.com
gstatic.com
ns1.google.com
dns-admin.google.com
encrypted-tbn0.gstatic.com
encrypted-tbn0.gstatic.com
www.gstatic.com
www.gstatic.com
encrypted-tbn0.gstatic.com
encrypted-tbn0.gstatic.com
www.google.com
www.google.com
www.google.com
www.google.com
www.gstatic.com
www.gstatic.com
www.gstatic.com
gstatic.com
ns1.google.com
dns-admin.google.com
csp.withgoogle.com
csp.withgoogle.com
csp.withgoogle.com
csp.withgoogle.com
csp.withgoogle.com
csp.withgoogle.com
csp.withgoogle.com
csp.withgoogle.com
withgoogle.com
ns1.google.com
dns-admin.google.com
www.gstatic.com
www.gstatic.com
gstatic.com
ns1.google.com
dns-admin.google.com
ogads-pa.clients6.google.com
ogads-pa.clients6.google.com
ogads-pa.clients6.google.com
ogads-pa.clients6.google.com
google.com
ns1.google.com
dns-admin.google.com
ogads-pa.clients6.google.com
ogads-pa.clients6.google.com
ogads-pa.clients6.google.com
ogads-pa.clients6.google.com
play.google.com
play.google.com
play.google.com
play.google.com
google.com
ns1.google.com
dns-admin.google.com
play.google.com
play.google.com
play.google.com
play.google.com
lh3.googleusercontent.com
lh3.googleusercontent.com
lh3.googleusercontent.com
lh3.googleusercontent.com
googlehosted.l.googleusercontent.com
googlehosted.l.googleusercontent.com
lh3.googleusercontent.com
lh3.googleusercontent.com
googlehosted.l.googleusercontent.com
googlehosted.l.googleusercontent.com
github.com
github.com
github.com
dns1.p08.nsone.net
hostmaster.nsone.net
github.githubassets.com
avatars.githubusercontent.com
github.githubassets.com
githubassets.com
ns-1354.awsdns-41.org
awsdns-hostmaster.amazon.com
C.2.D.F.4.B.3.1.A.5.1.F.D.6.8.0.0.0.0.0.0.0.0.0.0.0.0.0.0.8.E.F.ip6.arpa
Vasus-iPhone-13.local
168.1.168.192.in-addr.arpa
Vasus-iPhone-13.local
C.2.D.F.4.B.3.1.A.5.1.F.D.6.8.0.0.0.0.0.0.0.0.0.0.0.0.0.0.8.E.F.ip6.arpa
168.1.168.192.in-addr.arpa
avatars.githubusercontent.com
avatars.githubusercontent.com
avatars.githubusercontent.com
avatars.githubusercontent.com
avatars.githubusercontent.com
Vasus-iPhone-13.local
Vasus-iPhone-13.local
Vasus-iPhone-13.local
Vasus-iPhone-13.local
Vasus-iPhone-13.local
Vasus-iPhone-13.local
Vasus-iPhone-13.local
Vasus-iPhone-13.local
Vasus-iPhone-13.local
Vasus-iPhone-13.local
Vasus-iPhone-13.local
Vasus-iPhone-13.local
github.githubassets.com
github-cloud.s3.amazonaws.com
github-cloud.s3.amazonaws.com
user-images.githubusercontent.com
github-cloud.s3.amazonaws.com
github-cloud.s3.amazonaws.com
s3-1-w.amazonaws.com
s3-1-w.amazonaws.com
s3-w.us-east-1.amazonaws.com
s3-w.us-east-1.amazonaws.com
ns-328.awsdns-41.com
awsdns-hostmaster.amazon.com
github.githubassets.com
githubassets.com
ns-1354.awsdns-41.org
awsdns-hostmaster.amazon.com
s3-w.us-east-1.amazonaws.com
s3-w.us-east-1.amazonaws.com
s3-w.us-east-1.amazonaws.com
ns-328.awsdns-41.com
awsdns-hostmaster.amazon.com
user-images.githubusercontent.com
user-images.githubusercontent.com
user-images.githubusercontent.com
user-images.githubusercontent.com
user-images.githubusercontent.com
github-cloud.s3.amazonaws.com
github-cloud.s3.amazonaws.com
s3-1-w.amazonaws.com
s3-1-w.amazonaws.com
s3-w.us-east-1.amazonaws.com
s3-w.us-east-1.amazonaws.com
s3-w.us-east-1.amazonaws.com
s3-w.us-east-1.amazonaws.com
s3-w.us-east-1.amazonaws.com
s3-w.us-east-1.amazonaws.com
s3-w.us-east-1.amazonaws.com
s3-w.us-east-1.amazonaws.com
s3-w.us-east-1.amazonaws.com
collector.github.com
collector.github.com
collector.github.com
collector.github.com
glb-db52c2cf8be544.github.com
glb-db52c2cf8be544.github.com
collector.github.com
collector.github.com
glb-db52c2cf8be544.github.com
github.com
ns-1707.awsdns-21.co.uk
awsdns-hostmaster.amazon.com
glb-db52c2cf8be544.github.com
glb-db52c2cf8be544.github.com
github.com
ns-1707.awsdns-21.co.uk
awsdns-hostmaster.amazon.com
Vasus-iPhone-13.local
Vasus-iPhone-13.local
Vasus-iPhone-13.local
Vasus-iPhone-13.local
C.2.D.F.4.B.3.1.A.5.1.F.D.6.8.0.0.0.0.0.0.0.0.0.0.0.0.0.0.8.E.F.ip6.arpa
Vasus-iPhone-13.local
168.1.168.192.in-addr.arpa
Vasus-iPhone-13.local
C.2.D.F.4.B.3.1.A.5.1.F.D.6.8.0.0.0.0.0.0.0.0.0.0.0.0.0.0.8.E.F.ip6.arpa
168.1.168.192.in-addr.arpa
api.github.com
api.github.com
api.github.com
github.com
ns-1707.awsdns-21.co.uk
awsdns-hostmaster.amazon.com
api.github.com
api.github.com
api.github.com
api.github.com
github.com
ns-1707.awsdns-21.co.uk
awsdns-hostmaster.amazon.com
Vasus-iPhone-13.local
Vasus-iPhone-13.local
Vasus-iPhone-13.local
Vasus-iPhone-13.local
Vasus-iPhone-13.local
Vasus-iPhone-13.local
Vasus-iPhone-13.local
Vasus-iPhone-13.local
Vasus-iPhone-13.local
Vasus-iPhone-13.local
Vasus-iPhone-13.local
Vasus-iPhone-13.local
